---
source: tests/anthropic_e2e.rs
assertion_line: 144
expression: "&out.tooltip"
---
<span foreground='#61afef'>╭───────────────────────────────╮</span>
<span foreground='#61afef'>│</span>         <span font_weight='bold' foreground='#61afef'>Claude Max 5x</span>         <span foreground='#61afef'>│</span>
<span foreground='#61afef'>│</span> <span foreground='#5c6370'>─────────────────────────────</span> <span foreground='#61afef'>│</span>
<span foreground='#61afef'>│</span>                               <span foreground='#61afef'>│</span>
<span foreground='#61afef'>│</span> <span foreground='#abb2bf'>  󰔟  Session</span>                  <span foreground='#61afef'>│</span>
<span foreground='#61afef'>│</span>   <span foreground='#98c379'>███</span><span foreground='#3e4451'>░░░░░░░░░░░░░░░░░</span>  <span font_weight='bold' foreground='#98c379'>15% ↓</span> <span foreground='#61afef'>│</span>
<span foreground='#61afef'>│</span> <span foreground='#5c6370'>  ⏱  Resets in 1h 30m</span>         <span foreground='#61afef'>│</span>
<span foreground='#61afef'>│</span>                               <span foreground='#61afef'>│</span>
<span foreground='#61afef'>│</span> <span foreground='#abb2bf'>  󰃰  Weekly</span>                   <span foreground='#61afef'>│</span>
<span foreground='#61afef'>│</span>   <span foreground='#98c379'>█</span><span foreground='#3e4451'>░░░░░░░░░░░░░░░░░░░</span>  <span font_weight='bold' foreground='#98c379'>8% ↓</span>  <span foreground='#61afef'>│</span>
<span foreground='#61afef'>│</span> <span foreground='#5c6370'>  ⏱  Resets in 4d 1h</span>          <span foreground='#61afef'>│</span>
<span foreground='#61afef'>│</span>                               <span foreground='#61afef'>│</span>
<span foreground='#61afef'>│</span> <span foreground='#5c6370'>─────────────────────────────</span> <span foreground='#61afef'>│</span>
<span foreground='#61afef'>│</span> <span foreground='#5c6370'>  󰅐  Updated HH:MM</span>            <span foreground='#61afef'>│</span>
<span foreground='#61afef'>╰───────────────────────────────╯</span>
